Flow report for ece2072_project_x72
Thu Oct 10 18:11:13 2024
Quartus Prime Version 18.1.0 Build 625 09/12/2018 SJ Lite Edition


---------------------
; Table of Contents ;
---------------------
  1. Legal Notice
  2. Flow Summary
  3. Flow Settings
  4. Flow Non-Default Global Settings
  5. Flow Elapsed Time
  6. Flow OS Summary
  7. Flow Log
  8. Flow Messages
  9. Flow Suppressed Messages



----------------
; Legal Notice ;
----------------
Copyright (C) 2018  Intel Corporation. All rights reserved.
Your use of Intel Corporation's design tools, logic functions 
and other software and tools, and its AMPP partner logic 
functions, and any output files from any of the foregoing 
(including device programming or simulation files), and any 
associated documentation or information are expressly subject 
to the terms and conditions of the Intel Program License 
Subscription Agreement, the Intel Quartus Prime License Agreement,
the Intel FPGA IP License Agreement, or other applicable license
agreement, including, without limitation, that your use is for
the sole purpose of programming logic devices manufactured by
Intel and sold by Intel or its authorized distributors.  Please
refer to the applicable agreement for further details.



+----------------------------------------------------------------------------------+
; Flow Summary                                                                     ;
+------------------------------------+---------------------------------------------+
; Flow Status                        ; Successful - Thu Oct 10 18:11:13 2024       ;
; Quartus Prime Version              ; 18.1.0 Build 625 09/12/2018 SJ Lite Edition ;
; Revision Name                      ; ece2072_project_x72                         ;
; Top-level Entity Name              ; proc_extension_inst                         ;
; Family                             ; MAX 10                                      ;
; Device                             ; 10M50DAF484C7G                              ;
; Timing Models                      ; Final                                       ;
; Total logic elements               ; 1,468 / 49,760 ( 3 % )                      ;
;     Total combinational functions  ; 1,408 / 49,760 ( 3 % )                      ;
;     Dedicated logic registers      ; 189 / 49,760 ( < 1 % )                      ;
; Total registers                    ; 189                                         ;
; Total pins                         ; 70 / 360 ( 19 % )                           ;
; Total virtual pins                 ; 0                                           ;
; Total memory bits                  ; 0 / 1,677,312 ( 0 % )                       ;
; Embedded Multiplier 9-bit elements ; 2 / 288 ( < 1 % )                           ;
; Total PLLs                         ; 0 / 4 ( 0 % )                               ;
; UFM blocks                         ; 0 / 1 ( 0 % )                               ;
; ADC blocks                         ; 0 / 2 ( 0 % )                               ;
+------------------------------------+---------------------------------------------+


+-----------------------------------------+
; Flow Settings                           ;
+-------------------+---------------------+
; Option            ; Setting             ;
+-------------------+---------------------+
; Start date & time ; 10/10/2024 18:10:31 ;
; Main task         ; Compilation         ;
; Revision Name     ; ece2072_project_x72 ;
+-------------------+---------------------+


+-------------------------------------------------------------------------------------------------------------------------------------------+
; Flow Non-Default Global Settings                                                                                                          ;
+-------------------------------------+----------------------------------------+---------------------+---------------------+----------------+
; Assignment Name                     ; Value                                  ; Default Value       ; Entity Name         ; Section Id     ;
+-------------------------------------+----------------------------------------+---------------------+---------------------+----------------+
; COMPILER_SIGNATURE_ID               ; 1099448119221.172855503122128          ; --                  ; --                  ; --             ;
; EDA_OUTPUT_DATA_FORMAT              ; Verilog Hdl                            ; --                  ; --                  ; eda_simulation ;
; EDA_SIMULATION_TOOL                 ; ModelSim-Altera (Verilog)              ; <None>              ; --                  ; --             ;
; MAX_CORE_JUNCTION_TEMP              ; 85                                     ; --                  ; --                  ; --             ;
; MIN_CORE_JUNCTION_TEMP              ; 0                                      ; --                  ; --                  ; --             ;
; PARTITION_COLOR                     ; -- (Not supported for targeted family) ; --                  ; proc_extension_inst ; Top            ;
; PARTITION_FITTER_PRESERVATION_LEVEL ; -- (Not supported for targeted family) ; --                  ; proc_extension_inst ; Top            ;
; PARTITION_NETLIST_TYPE              ; -- (Not supported for targeted family) ; --                  ; proc_extension_inst ; Top            ;
; POWER_BOARD_THERMAL_MODEL           ; None (CONSERVATIVE)                    ; --                  ; --                  ; --             ;
; POWER_PRESET_COOLING_SOLUTION       ; 23 MM HEAT SINK WITH 200 LFPM AIRFLOW  ; --                  ; --                  ; --             ;
; PROJECT_OUTPUT_DIRECTORY            ; output_files                           ; --                  ; --                  ; --             ;
; TOP_LEVEL_ENTITY                    ; proc_extension_inst                    ; ece2072_project_x72 ; --                  ; --             ;
+-------------------------------------+----------------------------------------+---------------------+---------------------+----------------+


+--------------------------------------------------------------------------------------------------------------------------+
; Flow Elapsed Time                                                                                                        ;
+----------------------+--------------+-------------------------+---------------------+------------------------------------+
; Module Name          ; Elapsed Time ; Average Processors Used ; Peak Virtual Memory ; Total CPU Time (on all processors) ;
+----------------------+--------------+-------------------------+---------------------+------------------------------------+
; Analysis & Synthesis ; 00:00:14     ; 1.0                     ; 4826 MB             ; 00:00:09                           ;
; Fitter               ; 00:00:14     ; 1.2                     ; 5689 MB             ; 00:00:10                           ;
; Assembler            ; 00:00:04     ; 1.0                     ; 4691 MB             ; 00:00:02                           ;
; Timing Analyzer      ; 00:00:06     ; 1.6                     ; 4848 MB             ; 00:00:03                           ;
; EDA Netlist Writer   ; 00:00:04     ; 1.0                     ; 4671 MB             ; 00:00:00                           ;
; Total                ; 00:00:42     ; --                      ; --                  ; 00:00:24                           ;
+----------------------+--------------+-------------------------+---------------------+------------------------------------+


+------------------------------------------------------------------------------------+
; Flow OS Summary                                                                    ;
+----------------------+------------------+------------+------------+----------------+
; Module Name          ; Machine Hostname ; OS Name    ; OS Version ; Processor type ;
+----------------------+------------------+------------+------------+----------------+
; Analysis & Synthesis ; YQ               ; Windows 10 ; 10.0       ; x86_64         ;
; Fitter               ; YQ               ; Windows 10 ; 10.0       ; x86_64         ;
; Assembler            ; YQ               ; Windows 10 ; 10.0       ; x86_64         ;
; Timing Analyzer      ; YQ               ; Windows 10 ; 10.0       ; x86_64         ;
; EDA Netlist Writer   ; YQ               ; Windows 10 ; 10.0       ; x86_64         ;
+----------------------+------------------+------------+------------+----------------+


------------
; Flow Log ;
------------
quartus_map --read_settings_files=on --write_settings_files=off ece2072_project_x72 -c ece2072_project_x72
quartus_fit --read_settings_files=off --write_settings_files=off ece2072_project_x72 -c ece2072_project_x72
quartus_asm --read_settings_files=off --write_settings_files=off ece2072_project_x72 -c ece2072_project_x72
quartus_sta ece2072_project_x72 -c ece2072_project_x72
quartus_eda --read_settings_files=off --write_settings_files=off ece2072_project_x72 -c ece2072_project_x72



